PS C:\Users\shiyo\samuraiKadai> cd git_challenge
PS C:\Users\shiyo\samuraiKadai\git_challenge> git init
Initialized empty Git repository in C:/Users/shiyo/samuraiKadai/git_challenge/.git/
PS C:\Users\shiyo\samuraiKadai\git_challenge> echo "Hello, world!" >> hello_world.txt
PS C:\Users\shiyo\samuraiKadai\git_challenge> git add hello_world.txt
PS C:\Users\shiyo\samuraiKadai\git_challenge> git commit -m "hello_world.txtを追加"
[main 0551a27] hello_world.txtを追加
 1 file changed, 0 insertions(+), 0 deletions(-)
PS C:\Users\shiyo\samuraiKadai\git_challenge> echo "こんにちは、世界！" >> hello_world.txt
PS C:\Users\shiyo\samuraiKadai\git_challenge> git add hello_world.txt
PS C:\Users\shiyo\samuraiKadai\git_challenge> git commit -m "日本語訳を追記"
[main 6706ba5] 日本語訳を追記
 1 file changed, 0 insertions(+), 0 deletions(-)
PS C:\Users\shiyo\samuraiKadai\git_challenge> git log --oneline
6706ba5 (HEAD -> main) 日本語訳を追記
0551a27 hello_world.txtを追加
PS C:\Users\shiyo\samuraiKadai\git_challenge> 